GOVERNOR                                        
                                                
mode     BUSY                                   
queue    7 actionable                           
next eval in 5m                                 
interval 5m                                     
acmm     L4                                     
                                                
                                                
                                                
                                                
                                                