RUNS  3 runs                                                    
  KEY                      STAGE          WAITING    AGE        
▸ hivecommons/hive#8309    plan_review    human      15m        
  hivecommons/hive#8299    implement      agent      2h         
  hivecommons/hive#8310    ci             ci         1d         
                                                                
                                                                
                                                                
                                                                
                                                                