[?25l[?2004h                                                  
                                                  
                                                  
                                                  
                                                  
   terminal too small (need 60x20; comfortable    
                     120x40)                      
                                                  
                                                  
                                                  
                                                  
                                                  [2K[?2004l[?25h[?1002l[?1003l[?1006l